Cont		PIN		6		0
Cont		LEFPIN		6		0
Cont		FILL		6		0
Cont		FILLOPC		6		0
Cont		VIA		6		0
Cont		VIAFILL		6		0
Cont		VIAFILLOPC		6		0
Metal1		NET		7		0
Metal1		SPNET		7		0
Metal1		PIN		7		1
Metal1		LEFPIN		7		1
Metal1		FILL		7		5
Metal1		FILLOPC		7		5
Metal1		VIA		7		0
Metal1		VIAFILL		7		0
Metal1		VIAFILLOPC		7		0
Metal1		LEFOBS		7		0
#NAME		Metal1/NET		7		3
NAME		Metal1/SPNET		7		3
NAME		Metal1/PIN		7		3
NAME		Metal1/LEFPIN		7		3
Via1		PIN		8		0
Via1		LEFPIN		8	0
Via1		FILL		8		0
Via1		FILLOPC		8		0
Via1		VIA		8		0
Via1		VIAFILL		8		0
Via1		VIAFILLOPC		8		0
Metal2		NET		9		0
Metal2		SPNET		9		0
Metal2		PIN		9		1
Metal2		LEFPIN		9		1
Metal2		FILL		9		5
Metal2		FILLOPC		9		5
Metal2		VIA		9		0
Metal2		VIAFILL		9		0
Metal2		VIAFILLOPC		9		0
Metal2		LEFOBS		9		0
#NAME		Metal2/NET		9		3
NAME		Metal2/SPNET		9		3
NAME		Metal2/PIN		9		3
NAME		Metal2/LEFPIN		9		3
Via2		PIN		10		0
Via2		LEFPIN		10		0
Via2		FILL		10		0
Via2		FILLOPC		10		0
Via2		VIA		10		0
Via2		VIAFILL		10		0
Via2		VIAFILLOPC		10		0
Metal3		NET		11		0
Metal3		SPNET		11		0
Metal3		PIN		11		1
Metal3		LEFPIN		11		1
Metal3		FILL		11		5
Metal3		FILLOPC		11		5
Metal3		VIA		11		0
Metal3		VIAFILL		11		0
Metal3		VIAFILLOPC		11		0
Metal3		LEFOBS		11		0
#NAME		Metal3/NET		11		3
NAME		Metal3/SPNET		11		3
NAME		Metal3/PIN		11		3
NAME		Metal3/LEFPIN		11		3
#NAME		COMP		64		0
#COMP		ALL		65		0
#DIEAREA		ALL		66		0
